// Jest Snapshot v1, https://goo.gl/fbAQLP

exports[`getGroupedItems works as expected 1`] = `
Object {
  "0": Object {
    "group": Object {
      "id": "1",
    },
    "index": 0,
    "items": Array [
      Object {
        "dimensions": Object {
          "collisionLeft": 1540540000000,
          "collisionWidth": 6803877,
          "height": 22.5,
          "left": 907.4074074074074,
          "order": Object {
            "group": Object {
              "id": "1",
            },
            "index": 0,
          },
          "stack": true,
          "top": 7.5,
          "width": 78.74857638888886,
        },
        "id": "0",
      },
      Object {
        "dimensions": Object {
          "collisionLeft": 1540532800000,
          "collisionWidth": 21203877,
          "height": 22.5,
          "left": 824.074074074074,
          "order": Object {
            "group": Object {
              "id": "1",
            },
            "index": 0,
          },
          "stack": true,
          "top": 37.5,
          "width": 245.4152430555556,
        },
        "id": "5",
      },
      Object {
        "dimensions": Object {
          "collisionLeft": 1540550800000,
          "collisionWidth": 24803877,
          "height": 22.5,
          "left": 1032.4074074074074,
          "order": Object {
            "group": Object {
              "id": "1",
            },
            "index": 0,
          },
          "stack": true,
          "top": 7.5,
          "width": 287.08190972222224,
        },
        "id": "6",
      },
      Object {
        "dimensions": Object {
          "collisionLeft": 1540570000000,
          "collisionWidth": 14875919,
          "height": 22.5,
          "left": 1254.6296296296296,
          "order": Object {
            "group": Object {
              "id": "1",
            },
            "index": 0,
          },
          "stack": true,
          "top": 37.5,
          "width": 172.1749884259259,
        },
        "id": "1",
      },
      Object {
        "dimensions": Object {
          "collisionLeft": 1540620000000,
          "collisionWidth": 20397548,
          "height": 22.5,
          "left": 1833.3333333333333,
          "order": Object {
            "group": Object {
              "id": "1",
            },
            "index": 0,
          },
          "stack": true,
          "top": 7.5,
          "width": 236.08273148148123,
        },
        "id": "2",
      },
    ],
  },
  "1": Object {
    "group": Object {
      "id": "2",
    },
    "index": 1,
    "items": Array [],
  },
  "2": Object {
    "group": Object {
      "id": "3",
    },
    "index": 2,
    "items": Array [
      Object {
        "dimensions": Object {
          "collisionLeft": 1540656000000,
          "collisionWidth": 20397548,
          "height": 22.5,
          "left": 2250,
          "order": Object {
            "group": Object {
              "id": "3",
            },
            "index": 2,
          },
          "stack": true,
          "top": 105,
          "width": 236.08273148148146,
        },
        "id": "3",
      },
    ],
  },
}
`;
