// Jest Snapshot v1, https://goo.gl/fbAQLP

exports[`getGroupOrders works as expected 1`] = `
Object {
  "1": Object {
    "group": Object {
      "id": "1",
    },
    "index": 0,
  },
  "2": Object {
    "group": Object {
      "id": "2",
    },
    "index": 1,
  },
  "3": Object {
    "group": Object {
      "id": "3",
    },
    "index": 2,
  },
}
`;
