// Jest Snapshot v1, https://goo.gl/fbAQLP

exports[`getGroupedItems works as expected 1`] = `
Object {
  "0": Object {
    "group": Object {
      "id": "1",
    },
    "index": 0,
    "items": Array [
      Object {
        "dimensions": Object {
          "collisionLeft": 1540540000000,
          "collisionWidth": 6803877,
          "height": 22.5,
          "left": 4347.222222222223,
          "order": Object {
            "group": Object {
              "id": "1",
            },
            "index": 0,
          },
          "stack": true,
          "top": 7.5,
          "width": 236.24572916666602,
        },
        "id": "0",
      },
      Object {
        "dimensions": Object {
          "collisionLeft": 1540570000000,
          "collisionWidth": 14875919,
          "height": 22.5,
          "left": 5388.888888888889,
          "order": Object {
            "group": Object {
              "id": "1",
            },
            "index": 0,
          },
          "stack": true,
          "top": 7.5,
          "width": 516.5249652777784,
        },
        "id": "1",
      },
      Object {
        "dimensions": Object {
          "collisionLeft": 1540620000000,
          "collisionWidth": 20397548,
          "height": 22.5,
          "left": 7125,
          "order": Object {
            "group": Object {
              "id": "1",
            },
            "index": 0,
          },
          "stack": true,
          "top": 7.5,
          "width": 708.2481944444444,
        },
        "id": "2",
      },
    ],
  },
  "1": Object {
    "group": Object {
      "id": "2",
    },
    "index": 1,
    "items": Array [],
  },
  "2": Object {
    "group": Object {
      "id": "3",
    },
    "index": 2,
    "items": Array [
      Object {
        "dimensions": Object {
          "collisionLeft": 1540656000000,
          "collisionWidth": 20397548,
          "height": 22.5,
          "left": 8375,
          "order": Object {
            "group": Object {
              "id": "3",
            },
            "index": 2,
          },
          "stack": true,
          "top": 75,
          "width": 625,
        },
        "id": "3",
      },
    ],
  },
}
`;
