// Vitest Snapshot v1, https://vitest.dev/guide/snapshot.html

exports[`stackAll > works as expected not stacked 1`] = `
{
  "groupHeights": [
    60,
    60,
    60,
  ],
  "groupTops": [
    0,
    60,
    120,
  ],
  "height": 180,
}
`;

exports[`stackAll > works as expected stacked 1`] = `
{
  "groupHeights": [
    60,
    60,
    60,
  ],
  "groupTops": [
    0,
    60,
    120,
  ],
  "height": 180,
}
`;
